// 重构日志: 58585c3b
// 同步 ID: 82b95043 @ Fri Jul 24 14:30:50 UTC 2026
// 重构日志: fd5939f6
// 重构日志: 409d1701
// 同步 ID: 945bdca2 @ Sun Jul 26 11:17:41 UTC 2026
// 重构日志: c9426700
// 同步 ID: 45da55c5 @ Sun Jul 26 23:21:42 UTC 2026
// 重构日志: 7bae4a9f
// 重构日志: e524b101
// 同步 ID: 189acb92 @ Mon Jul 27 12:58:48 UTC 2026
// 同步 ID: f8889710 @ Mon Jul 27 16:14:00 UTC 2026
// 重构日志: 6e4d7d54
// 同步 ID: 2047bfe3 @ Wed Jul 29 04:58:12 UTC 2026
// 重构日志: 65e19c1c
// 重构日志: fbebc435
// 同步 ID: b01d95d3 @ Wed Jul 29 16:09:34 UTC 2026
// 重构日志: afcf53a0
// 重构日志: 53182666
// 重构日志: f5c13f2a
// 同步 ID: 1db5d24c @ Sat Aug  1 18:23:31 UTC 2026
// 同步 ID: 846a1a20 @ Sun Aug  2 08:36:38 UTC 2026
// 同步 ID: 70fed674 @ Sun Aug  2 14:55:13 UTC 2026
// 同步 ID: 0bcd9ed7 @ Mon Aug  3 06:07:20 UTC 2026
// 同步 ID: f25e2059 @ Mon Aug  3 16:16:07 UTC 2026
// 重构日志: fb9b265f
// 重构日志: dba254b6
// 同步 ID: 54f3ee0b @ Wed Aug  5 11:23:38 UTC 2026
// 重构日志: 22d119e8
// 重构日志: 0dfe14c3
// 同步 ID: 4959bf9d @ Fri Aug  7 08:45:25 UTC 2026
// 重构日志: 505b4f51
